Flow report for ProcesadorMonocicloRISCV
Tue Nov 25 18:41:06 2025
Quartus Prime Version 23.1std.1 Build 993 05/14/2024 SC Lite Edition


---------------------
; Table of Contents ;
---------------------
  1. Legal Notice
  2. Flow Summary
  3. Flow Settings
  4. Flow Non-Default Global Settings
  5. Flow Elapsed Time
  6. Flow OS Summary
  7. Flow Log
  8. Flow Messages
  9. Flow Suppressed Messages



----------------
; Legal Notice ;
----------------
Copyright (C) 2024  Intel Corporation. All rights reserved.
Your use of Intel Corporation's design tools, logic functions 
and other software and tools, and any partner logic 
functions, and any output files from any of the foregoing 
(including device programming or simulation files), and any 
associated documentation or information are expressly subject 
to the terms and conditions of the Intel Program License 
Subscription Agreement, the Intel Quartus Prime License Agreement,
the Intel FPGA IP License Agreement, or other applicable license
agreement, including, without limitation, that your use is for
the sole purpose of programming logic devices manufactured by
Intel and sold by Intel or its authorized distributors.  Please
refer to the applicable agreement for further details, at
https://fpgasoftware.intel.com/eula.



+----------------------------------------------------------------------------------+
; Flow Summary                                                                     ;
+---------------------------------+------------------------------------------------+
; Flow Status                     ; Successful - Tue Nov 25 18:41:06 2025          ;
; Quartus Prime Version           ; 23.1std.1 Build 993 05/14/2024 SC Lite Edition ;
; Revision Name                   ; ProcesadorMonocicloRISCV                       ;
; Top-level Entity Name           ; ProcesadorMonociclo_32bits                     ;
; Family                          ; Cyclone V                                      ;
; Device                          ; 5CSEMA5F31C6                                   ;
; Timing Models                   ; Final                                          ;
; Logic utilization (in ALMs)     ; 79 / 32,070 ( < 1 % )                          ;
; Total registers                 ; 39                                             ;
; Total pins                      ; 98 / 457 ( 21 % )                              ;
; Total virtual pins              ; 0                                              ;
; Total block memory bits         ; 0 / 4,065,280 ( 0 % )                          ;
; Total DSP Blocks                ; 0 / 87 ( 0 % )                                 ;
; Total HSSI RX PCSs              ; 0                                              ;
; Total HSSI PMA RX Deserializers ; 0                                              ;
; Total HSSI TX PCSs              ; 0                                              ;
; Total HSSI PMA TX Serializers   ; 0                                              ;
; Total PLLs                      ; 0 / 6 ( 0 % )                                  ;
; Total DLLs                      ; 0 / 4 ( 0 % )                                  ;
+---------------------------------+------------------------------------------------+


+----------------------------------------------+
; Flow Settings                                ;
+-------------------+--------------------------+
; Option            ; Setting                  ;
+-------------------+--------------------------+
; Start date & time ; 11/25/2025 18:40:03      ;
; Main task         ; Compilation              ;
; Revision Name     ; ProcesadorMonocicloRISCV ;
+-------------------+--------------------------+


+--------------------------------------------------------------------------------------------------------------------------------------------------------------------------+
; Flow Non-Default Global Settings                                                                                                                                         ;
+-------------------------------------+----------------------------------------+--------------------------+----------------------------+-----------------------------------+
; Assignment Name                     ; Value                                  ; Default Value            ; Entity Name                ; Section Id                        ;
+-------------------------------------+----------------------------------------+--------------------------+----------------------------+-----------------------------------+
; COMPILER_SIGNATURE_ID               ; 4681964154999.176411400308924          ; --                       ; --                         ; --                                ;
; EDA_GENERATE_FUNCTIONAL_NETLIST     ; Off                                    ; --                       ; --                         ; eda_board_design_timing           ;
; EDA_GENERATE_FUNCTIONAL_NETLIST     ; Off                                    ; --                       ; --                         ; eda_board_design_boundary_scan    ;
; EDA_GENERATE_FUNCTIONAL_NETLIST     ; Off                                    ; --                       ; --                         ; eda_board_design_signal_integrity ;
; EDA_GENERATE_FUNCTIONAL_NETLIST     ; Off                                    ; --                       ; --                         ; eda_board_design_symbol           ;
; EDA_OUTPUT_DATA_FORMAT              ; Verilog Hdl                            ; --                       ; --                         ; eda_simulation                    ;
; EDA_SIMULATION_TOOL                 ; Questa Intel FPGA (Verilog)            ; <None>                   ; --                         ; --                                ;
; EDA_TIME_SCALE                      ; 1 ps                                   ; --                       ; --                         ; eda_simulation                    ;
; NUM_PARALLEL_PROCESSORS             ; 4                                      ; --                       ; --                         ; --                                ;
; PARTITION_COLOR                     ; -- (Not supported for targeted family) ; --                       ; ProcesadorMonociclo_32bits ; Top                               ;
; PARTITION_FITTER_PRESERVATION_LEVEL ; -- (Not supported for targeted family) ; --                       ; ProcesadorMonociclo_32bits ; Top                               ;
; PARTITION_NETLIST_TYPE              ; -- (Not supported for targeted family) ; --                       ; ProcesadorMonociclo_32bits ; Top                               ;
; PROJECT_OUTPUT_DIRECTORY            ; output_files                           ; --                       ; --                         ; --                                ;
; TOP_LEVEL_ENTITY                    ; ProcesadorMonociclo_32bits             ; ProcesadorMonocicloRISCV ; --                         ; --                                ;
+-------------------------------------+----------------------------------------+--------------------------+----------------------------+-----------------------------------+


+--------------------------------------------------------------------------------------------------------------------------+
; Flow Elapsed Time                                                                                                        ;
+----------------------+--------------+-------------------------+---------------------+------------------------------------+
; Module Name          ; Elapsed Time ; Average Processors Used ; Peak Virtual Memory ; Total CPU Time (on all processors) ;
+----------------------+--------------+-------------------------+---------------------+------------------------------------+
; Analysis & Synthesis ; 00:00:13     ; 1.0                     ; 4841 MB             ; 00:00:15                           ;
; Fitter               ; 00:00:32     ; 1.0                     ; 6582 MB             ; 00:00:53                           ;
; Assembler            ; 00:00:07     ; 1.0                     ; 5233 MB             ; 00:00:05                           ;
; Timing Analyzer      ; 00:00:05     ; 1.1                     ; 5358 MB             ; 00:00:05                           ;
; EDA Netlist Writer   ; 00:00:01     ; 1.0                     ; 4746 MB             ; 00:00:01                           ;
; Total                ; 00:00:58     ; --                      ; --                  ; 00:01:19                           ;
+----------------------+--------------+-------------------------+---------------------+------------------------------------+


+------------------------------------------------------------------------------------+
; Flow OS Summary                                                                    ;
+----------------------+------------------+------------+------------+----------------+
; Module Name          ; Machine Hostname ; OS Name    ; OS Version ; Processor type ;
+----------------------+------------------+------------+------------+----------------+
; Analysis & Synthesis ; Dash             ; Windows 10 ; 10.0       ; x86_64         ;
; Fitter               ; Dash             ; Windows 10 ; 10.0       ; x86_64         ;
; Assembler            ; Dash             ; Windows 10 ; 10.0       ; x86_64         ;
; Timing Analyzer      ; Dash             ; Windows 10 ; 10.0       ; x86_64         ;
; EDA Netlist Writer   ; Dash             ; Windows 10 ; 10.0       ; x86_64         ;
+----------------------+------------------+------------+------------+----------------+


------------
; Flow Log ;
------------
quartus_map --read_settings_files=on --write_settings_files=off ProcesadorMonocicloRISCV -c ProcesadorMonocicloRISCV
quartus_fit --read_settings_files=off --write_settings_files=off ProcesadorMonocicloRISCV -c ProcesadorMonocicloRISCV
quartus_asm --read_settings_files=off --write_settings_files=off ProcesadorMonocicloRISCV -c ProcesadorMonocicloRISCV
quartus_sta ProcesadorMonocicloRISCV -c ProcesadorMonocicloRISCV
quartus_eda --read_settings_files=off --write_settings_files=off ProcesadorMonocicloRISCV -c ProcesadorMonocicloRISCV



