------------------------------------------------------------
Timing Analyzer Summary
------------------------------------------------------------

Type  : Slow 1100mV 85C Model Setup 'clock'
Slack : 2.938
TNS   : 0.000

Type  : Slow 1100mV 85C Model Hold 'clock'
Slack : 0.384
TNS   : 0.000

Type  : Slow 1100mV 85C Model Minimum Pulse Width 'clock'
Slack : 9.237
TNS   : 0.000

Type  : Slow 1100mV 0C Model Setup 'clock'
Slack : 3.322
TNS   : 0.000

Type  : Slow 1100mV 0C Model Hold 'clock'
Slack : 0.380
TNS   : 0.000

Type  : Slow 1100mV 0C Model Minimum Pulse Width 'clock'
Slack : 9.290
TNS   : 0.000

Type  : Fast 1100mV 85C Model Setup 'clock'
Slack : 8.418
TNS   : 0.000

Type  : Fast 1100mV 85C Model Hold 'clock'
Slack : 0.206
TNS   : 0.000

Type  : Fast 1100mV 85C Model Minimum Pulse Width 'clock'
Slack : 9.107
TNS   : 0.000

Type  : Fast 1100mV 0C Model Setup 'clock'
Slack : 9.344
TNS   : 0.000

Type  : Fast 1100mV 0C Model Hold 'clock'
Slack : 0.193
TNS   : 0.000

Type  : Fast 1100mV 0C Model Minimum Pulse Width 'clock'
Slack : 9.067
TNS   : 0.000

------------------------------------------------------------
